C:\Users\Dorlerd\Desktop\govno\URTK_sim-main\URTKtry3\Logical\Global.typ
C:\Users\Dorlerd\Desktop\govno\URTK_sim-main\URTKtry3\Logical\Global.var
C:\Users\Dorlerd\Desktop\govno\URTK_sim-main\URTKtry3\Logical\Libraries\operator\operator.fun
C:\Users\Dorlerd\Desktop\govno\URTK_sim-main\URTKtry3\Logical\Libraries\operator\operator.typ
C:\Users\Dorlerd\Desktop\govno\URTK_sim-main\URTKtry3\Logical\Libraries\operator\operator.var
C:\Users\Dorlerd\Desktop\govno\URTK_sim-main\URTKtry3\Logical\Libraries\runtime\runtime.fun
C:\Users\Dorlerd\Desktop\govno\URTK_sim-main\URTKtry3\Logical\Libraries\runtime\runtime.typ
C:\Users\Dorlerd\Desktop\govno\URTK_sim-main\URTKtry3\Logical\Libraries\runtime\runtime.var
C:\Users\Dorlerd\Desktop\govno\URTK_sim-main\URTKtry3\Logical\Libraries\astime\astime.fun
C:\Users\Dorlerd\Desktop\govno\URTK_sim-main\URTKtry3\Logical\Libraries\astime\astime.typ
C:\Users\Dorlerd\Desktop\govno\URTK_sim-main\URTKtry3\Logical\Libraries\astime\astime.var
C:\Users\Dorlerd\Desktop\govno\URTK_sim-main\URTKtry3\Logical\Libraries\AsIecCon\AsIecCon.fun
C:\Users\Dorlerd\Desktop\govno\URTK_sim-main\URTKtry3\Logical\Libraries\AsIecCon\AsIecCon.typ
C:\Users\Dorlerd\Desktop\govno\URTK_sim-main\URTKtry3\Logical\Libraries\AsIecCon\AsIecCon.var
C:\Users\Dorlerd\Desktop\govno\URTK_sim-main\URTKtry3\Logical\Libraries\sys_lib\sys_lib.fun
C:\Users\Dorlerd\Desktop\govno\URTK_sim-main\URTKtry3\Logical\Libraries\sys_lib\sys_lib.typ
C:\Users\Dorlerd\Desktop\govno\URTK_sim-main\URTKtry3\Logical\Libraries\sys_lib\sys_lib.var
C:\Users\Dorlerd\Desktop\govno\URTK_sim-main\URTKtry3\Logical\URTKFmu\URTKLib\Types.typ
C:\Users\Dorlerd\Desktop\govno\URTK_sim-main\URTKtry3\Logical\URTKFmu\URTKLib\Constants.var
C:\Users\Dorlerd\Desktop\govno\URTK_sim-main\URTKtry3\Logical\URTKFmu\URTKLib\URTKLib.fun
